[INFO] Scanning for projects...
[INFO] 
[INFO] ------------------------< edu.unimagdalena:lms >------------------------
[INFO] Building lms 0.0.1-SNAPSHOT
[INFO]   from pom.xml
[INFO] --------------------------------[ jar ]---------------------------------
[INFO] 
[INFO] --- clean:3.5.0:clean (default-clean) @ lms ---
[INFO] Deleting C:\Users\asus\Downloads\lms\target
[INFO] 
[INFO] --- resources:3.3.1:resources (default-resources) @ lms ---
[INFO] Copying 1 resource from src\main\resources to target\classes
[INFO] Copying 0 resource from src\main\resources to target\classes
[INFO] 
[INFO] --- compiler:3.14.1:compile (default-compile) @ lms ---
[INFO] Recompiling the module because of changed source code.
[INFO] Compiling 22 source files with javac [debug parameters release 21] to target\classes
[INFO] ------------------------------------------------------------------------
[INFO] BUILD SUCCESS
[INFO] ------------------------------------------------------------------------
[INFO] Total time:  6.254 s
[INFO] Finished at: 2026-03-16T15:07:39-05:00
[INFO] ------------------------------------------------------------------------
